---
source: tests/init_test.rs
expression: normalized
---
✓ Created directory structure at $HOME/.zsh-profiles
  ├── profiles/
  ├── shared/
  └── cache/
✓ Created shared history file: $HOME/.zsh-profiles/shared/.zsh_history
✓ Created shared customizations: $HOME/.zsh-profiles/shared/custom.zsh
✓ Created configuration file: $HOME/.zsh-profiles/config.toml

No existing framework detected.
Create your first profile with:
  zprof wizard  - Interactive profile creation
